Archive member included to satisfy reference by file (symbol)

c:/st/stm32cubeide_1.5.0/stm32cubeide/plugins/com.st.stm32cube.ide.mcu.externaltools.gnu-tools-for-stm32.7-2018-q2-update.win32_1.5.0.202011040924/tools/bin/../lib/gcc/arm-none-eabi/7.3.1/../../../../arm-none-eabi/lib/thumb/v7e-m/fpv4-sp/hard\libc_nano.a(lib_a-errno.o)
                              Core/Src/syscalls.o (__errno)
c:/st/stm32cubeide_1.5.0/stm32cubeide/plugins/com.st.stm32cube.ide.mcu.externaltools.gnu-tools-for-stm32.7-2018-q2-update.win32_1.5.0.202011040924/tools/bin/../lib/gcc/arm-none-eabi/7.3.1/../../../../arm-none-eabi/lib/thumb/v7e-m/fpv4-sp/hard\libc_nano.a(lib_a-exit.o)
                              c:/st/stm32cubeide_1.5.0/stm32cubeide/plugins/com.st.stm32cube.ide.mcu.externaltools.gnu-tools-for-stm32.7-2018-q2-update.win32_1.5.0.202011040924/tools/bin/../lib/gcc/arm-none-eabi/7.3.1/../../../../arm-none-eabi/lib/thumb/v7e-m/fpv4-sp/hard/crt0.o (exit)
c:/st/stm32cubeide_1.5.0/stm32cubeide/plugins/com.st.stm32cube.ide.mcu.externaltools.gnu-tools-for-stm32.7-2018-q2-update.win32_1.5.0.202011040924/tools/bin/../lib/gcc/arm-none-eabi/7.3.1/../../../../arm-none-eabi/lib/thumb/v7e-m/fpv4-sp/hard\libc_nano.a(lib_a-impure.o)
                              c:/st/stm32cubeide_1.5.0/stm32cubeide/plugins/com.st.stm32cube.ide.mcu.externaltools.gnu-tools-for-stm32.7-2018-q2-update.win32_1.5.0.202011040924/tools/bin/../lib/gcc/arm-none-eabi/7.3.1/../../../../arm-none-eabi/lib/thumb/v7e-m/fpv4-sp/hard\libc_nano.a(lib_a-exit.o) (_global_impure_ptr)
c:/st/stm32cubeide_1.5.0/stm32cubeide/plugins/com.st.stm32cube.ide.mcu.externaltools.gnu-tools-for-stm32.7-2018-q2-update.win32_1.5.0.202011040924/tools/bin/../lib/gcc/arm-none-eabi/7.3.1/../../../../arm-none-eabi/lib/thumb/v7e-m/fpv4-sp/hard\libc_nano.a(lib_a-init.o)
                              c:/st/stm32cubeide_1.5.0/stm32cubeide/plugins/com.st.stm32cube.ide.mcu.externaltools.gnu-tools-for-stm32.7-2018-q2-update.win32_1.5.0.202011040924/tools/bin/../lib/gcc/arm-none-eabi/7.3.1/../../../../arm-none-eabi/lib/thumb/v7e-m/fpv4-sp/hard/crt0.o (__libc_init_array)
c:/st/stm32cubeide_1.5.0/stm32cubeide/plugins/com.st.stm32cube.ide.mcu.externaltools.gnu-tools-for-stm32.7-2018-q2-update.win32_1.5.0.202011040924/tools/bin/../lib/gcc/arm-none-eabi/7.3.1/../../../../arm-none-eabi/lib/thumb/v7e-m/fpv4-sp/hard\libc_nano.a(lib_a-memset.o)
                              c:/st/stm32cubeide_1.5.0/stm32cubeide/plugins/com.st.stm32cube.ide.mcu.externaltools.gnu-tools-for-stm32.7-2018-q2-update.win32_1.5.0.202011040924/tools/bin/../lib/gcc/arm-none-eabi/7.3.1/../../../../arm-none-eabi/lib/thumb/v7e-m/fpv4-sp/hard/crt0.o (memset)
c:/st/stm32cubeide_1.5.0/stm32cubeide/plugins/com.st.stm32cube.ide.mcu.externaltools.gnu-tools-for-stm32.7-2018-q2-update.win32_1.5.0.202011040924/tools/bin/../lib/gcc/arm-none-eabi/7.3.1/../../../../arm-none-eabi/lib/thumb/v7e-m/fpv4-sp/hard\libc_nano.a(lib_a-strcpy.o)
                              Core/Src/main.o (strcpy)
c:/st/stm32cubeide_1.5.0/stm32cubeide/plugins/com.st.stm32cube.ide.mcu.externaltools.gnu-tools-for-stm32.7-2018-q2-update.win32_1.5.0.202011040924/tools/bin/../lib/gcc/arm-none-eabi/7.3.1/../../../../arm-none-eabi/lib/thumb/v7e-m/fpv4-sp/hard\libc_nano.a(lib_a-strlen.o)
                              Core/Src/main.o (strlen)
c:/st/stm32cubeide_1.5.0/stm32cubeide/plugins/com.st.stm32cube.ide.mcu.externaltools.gnu-tools-for-stm32.7-2018-q2-update.win32_1.5.0.202011040924/tools/bin/../lib/gcc/arm-none-eabi/7.3.1/../../../../arm-none-eabi/lib/thumb/v7e-m/fpv4-sp/hard\libm.a(lib_a-w_pow.o)
                              Core/Src/main.o (pow)
c:/st/stm32cubeide_1.5.0/stm32cubeide/plugins/com.st.stm32cube.ide.mcu.externaltools.gnu-tools-for-stm32.7-2018-q2-update.win32_1.5.0.202011040924/tools/bin/../lib/gcc/arm-none-eabi/7.3.1/../../../../arm-none-eabi/lib/thumb/v7e-m/fpv4-sp/hard\libm.a(lib_a-e_pow.o)
                              c:/st/stm32cubeide_1.5.0/stm32cubeide/plugins/com.st.stm32cube.ide.mcu.externaltools.gnu-tools-for-stm32.7-2018-q2-update.win32_1.5.0.202011040924/tools/bin/../lib/gcc/arm-none-eabi/7.3.1/../../../../arm-none-eabi/lib/thumb/v7e-m/fpv4-sp/hard\libm.a(lib_a-w_pow.o) (__ieee754_pow)
c:/st/stm32cubeide_1.5.0/stm32cubeide/plugins/com.st.stm32cube.ide.mcu.externaltools.gnu-tools-for-stm32.7-2018-q2-update.win32_1.5.0.202011040924/tools/bin/../lib/gcc/arm-none-eabi/7.3.1/../../../../arm-none-eabi/lib/thumb/v7e-m/fpv4-sp/hard\libm.a(lib_a-e_sqrt.o)
                              c:/st/stm32cubeide_1.5.0/stm32cubeide/plugins/com.st.stm32cube.ide.mcu.externaltools.gnu-tools-for-stm32.7-2018-q2-update.win32_1.5.0.202011040924/tools/bin/../lib/gcc/arm-none-eabi/7.3.1/../../../../arm-none-eabi/lib/thumb/v7e-m/fpv4-sp/hard\libm.a(lib_a-e_pow.o) (__ieee754_sqrt)
[...]
Memory Configuration

Name             Origin             Length             Attributes
RAM              0x0000000020000000 0x0000000000018000 xrw
FLASH            0x0000000008000000 0x0000000000080000 xr
*default*        0x0000000000000000 0xffffffffffffffff

Linker script and memory map

LOAD c:/st/stm32cubeide_1.5.0/stm32cubeide/plugins/com.st.stm32cube.ide.mcu.externaltools.gnu-tools-for-stm32.7-2018-q2-update.win32_1.5.0.202011040924/tools/bin/../lib/gcc/arm-none-eabi/7.3.1/thumb/v7e-m/fpv4-sp/hard/crti.o
LOAD c:/st/stm32cubeide_1.5.0/stm32cubeide/plugins/com.st.stm32cube.ide.mcu.externaltools.gnu-tools-for-stm32.7-2018-q2-update.win32_1.5.0.202011040924/tools/bin/../lib/gcc/arm-none-eabi/7.3.1/thumb/v7e-m/fpv4-sp/hard/crtbegin.o
LOAD c:/st/stm32cubeide_1.5.0/stm32cubeide/plugins/com.st.stm32cube.ide.mcu.externaltools.gnu-tools-for-stm32.7-2018-q2-update.win32_1.5.0.202011040924/tools/bin/../lib/gcc/arm-none-eabi/7.3.1/../../../../arm-none-eabi/lib/thumb/v7e-m/fpv4-sp/hard/crt0.o
LOAD Core/Src/TabliceLiter.o
LOAD Core/Src/fatfs_sd.o
LOAD Core/Src/gpio.o
LOAD Core/Src/main.o
LOAD Core/Src/spi.o
LOAD Core/Src/stm32f4xx_hal_msp.o
LOAD Core/Src/stm32f4xx_it.o
LOAD Core/Src/syscalls.o
LOAD Core/Src/sysmem.o
LOAD Core/Src/system_stm32f4xx.o
LOAD Core/Startup/startup_stm32f401retx.o
LOAD Drivers/STM32F4xx_HAL_Driver/Src/stm32f4xx_hal.o
LOAD Drivers/STM32F4xx_HAL_Driver/Src/stm32f4xx_hal_cortex.o
LOAD Drivers/STM32F4xx_HAL_Driver/Src/stm32f4xx_hal_dma.o
LOAD Drivers/STM32F4xx_HAL_Driver/Src/stm32f4xx_hal_dma_ex.o
LOAD Drivers/STM32F4xx_HAL_Driver/Src/stm32f4xx_hal_exti.o
LOAD Drivers/STM32F4xx_HAL_Driver/Src/stm32f4xx_hal_flash.o
LOAD Drivers/STM32F4xx_HAL_Driver/Src/stm32f4xx_hal_flash_ex.o
LOAD Drivers/STM32F4xx_HAL_Driver/Src/stm32f4xx_hal_flash_ramfunc.o
LOAD Drivers/STM32F4xx_HAL_Driver/Src/stm32f4xx_hal_gpio.o
LOAD Drivers/STM32F4xx_HAL_Driver/Src/stm32f4xx_hal_pwr.o
LOAD Drivers/STM32F4xx_HAL_Driver/Src/stm32f4xx_hal_pwr_ex.o
LOAD Drivers/STM32F4xx_HAL_Driver/Src/stm32f4xx_hal_rcc.o
LOAD Drivers/STM32F4xx_HAL_Driver/Src/stm32f4xx_hal_rcc_ex.o
LOAD Drivers/STM32F4xx_HAL_Driver/Src/stm32f4xx_hal_spi.o
LOAD Drivers/STM32F4xx_HAL_Driver/Src/stm32f4xx_hal_tim.o
LOAD Drivers/STM32F4xx_HAL_Driver/Src/stm32f4xx_hal_tim_ex.o
LOAD FATFS/App/fatfs.o
LOAD FATFS/Target/user_diskio.o
LOAD Middlewares/Third_Party/FatFs/src/diskio.o
LOAD Middlewares/Third_Party/FatFs/src/ff.o
LOAD Middlewares/Third_Party/FatFs/src/ff_gen_drv.o
LOAD Middlewares/Third_Party/FatFs/src/option/ccsbcs.o
LOAD Middlewares/Third_Party/FatFs/src/option/syscall.o
START GROUP
LOAD c:/st/stm32cubeide_1.5.0/stm32cubeide/plugins/com.st.stm32cube.ide.mcu.externaltools.gnu-tools-for-stm32.7-2018-q2-update.win32_1.5.0.202011040924/tools/bin/../lib/gcc/arm-none-eabi/7.3.1/../../../../arm-none-eabi/lib/thumb/v7e-m/fpv4-sp/hard\libc_nano.a
LOAD c:/st/stm32cubeide_1.5.0/stm32cubeide/plugins/com.st.stm32cube.ide.mcu.externaltools.gnu-tools-for-stm32.7-2018-q2-update.win32_1.5.0.202011040924/tools/bin/../lib/gcc/arm-none-eabi/7.3.1/../../../../arm-none-eabi/lib/thumb/v7e-m/fpv4-sp/hard\libm.a
END GROUP
START GROUP
LOAD c:/st/stm32cubeide_1.5.0/stm32cubeide/plugins/com.st.stm32cube.ide.mcu.externaltools.gnu-tools-for-stm32.7-2018-q2-update.win32_1.5.0.202011040924/tools/bin/../lib/gcc/arm-none-eabi/7.3.1/thumb/v7e-m/fpv4-sp/hard\libgcc.a
LOAD c:/st/stm32cubeide_1.5.0/stm32cubeide/plugins/com.st.stm32cube.ide.mcu.externaltools.gnu-tools-for-stm32.7-2018-q2-update.win32_1.5.0.202011040924/tools/bin/../lib/gcc/arm-none-eabi/7.3.1/../../../../arm-none-eabi/lib/thumb/v7e-m/fpv4-sp/hard\libc_nano.a
END GROUP
START GROUP
LOAD c:/st/stm32cubeide_1.5.0/stm32cubeide/plugins/com.st.stm32cube.ide.mcu.externaltools.gnu-tools-for-stm32.7-2018-q2-update.win32_1.5.0.202011040924/tools/bin/../lib/gcc/arm-none-eabi/7.3.1/thumb/v7e-m/fpv4-sp/hard\libgcc.a
LOAD c:/st/stm32cubeide_1.5.0/stm32cubeide/plugins/com.st.stm32cube.ide.mcu.externaltools.gnu-tools-for-stm32.7-2018-q2-update.win32_1.5.0.202011040924/tools/bin/../lib/gcc/arm-none-eabi/7.3.1/../../../../arm-none-eabi/lib/thumb/v7e-m/fpv4-sp/hard\libc_nano.a
LOAD c:/st/stm32cubeide_1.5.0/stm32cubeide/plugins/com.st.stm32cube.ide.mcu.externaltools.gnu-tools-for-stm32.7-2018-q2-update.win32_1.5.0.202011040924/tools/bin/../lib/gcc/arm-none-eabi/7.3.1/../../../../arm-none-eabi/lib/thumb/v7e-m/fpv4-sp/hard\libnosys.a
END GROUP
START GROUP
LOAD c:/st/stm32cubeide_1.5.0/stm32cubeide/plugins/com.st.stm32cube.ide.mcu.externaltools.gnu-tools-for-stm32.7-2018-q2-update.win32_1.5.0.202011040924/tools/bin/../lib/gcc/arm-none-eabi/7.3.1/thumb/v7e-m/fpv4-sp/hard\libgcc.a
LOAD c:/st/stm32cubeide_1.5.0/stm32cubeide/plugins/com.st.stm32cube.ide.mcu.externaltools.gnu-tools-for-stm32.7-2018-q2-update.win32_1.5.0.202011040924/tools/bin/../lib/gcc/arm-none-eabi/7.3.1/../../../../arm-none-eabi/lib/thumb/v7e-m/fpv4-sp/hard\libc_nano.a
LOAD c:/st/stm32cubeide_1.5.0/stm32cubeide/plugins/com.st.stm32cube.ide.mcu.externaltools.gnu-tools-for-stm32.7-2018-q2-update.win32_1.5.0.202011040924/tools/bin/../lib/gcc/arm-none-eabi/7.3.1/../../../../arm-none-eabi/lib/thumb/v7e-m/fpv4-sp/hard\libnosys.a
END GROUP
LOAD c:/st/stm32cubeide_1.5.0/stm32cubeide/plugins/com.st.stm32cube.ide.mcu.externaltools.gnu-tools-for-stm32.7-2018-q2-update.win32_1.5.0.202011040924/tools/bin/../lib/gcc/arm-none-eabi/7.3.1/thumb/v7e-m/fpv4-sp/hard/crtend.o
LOAD c:/st/stm32cubeide_1.5.0/stm32cubeide/plugins/com.st.stm32cube.ide.mcu.externaltools.gnu-tools-for-stm32.7-2018-q2-update.win32_1.5.0.202011040924/tools/bin/../lib/gcc/arm-none-eabi/7.3.1/thumb/v7e-m/fpv4-sp/hard/crtn.o
                0x0000000020018000                _estack = (ORIGIN (RAM) + LENGTH (RAM))
                0x0000000000000200                _Min_Heap_Size = 0x200
                0x0000000000000400                _Min_Stack_Size = 0x400

.isr_vector     0x0000000008000000      0x194
                0x0000000008000000                . = ALIGN (0x4)
 *(.isr_vector)
 .isr_vector    0x0000000008000000      0x194 Core/Startup/startup_stm32f401retx.o
                0x0000000008000000                g_pfnVectors
                0x0000000008000194                . = ALIGN (0x4)

.text           0x0000000008000198     0x5b0c
                0x0000000008000198                . = ALIGN (0x4)
 *(.text)
 .text          0x0000000008000198       0x40 c:/st/stm32cubeide_1.5.0/stm32cubeide/plugins/com.st.stm32cube.ide.mcu.externaltools.gnu-tools-for-stm32.7-2018-q2-update.win32_1.5.0.202011040924/tools/bin/../lib/gcc/arm-none-eabi/7.3.1/thumb/v7e-m/fpv4-sp/hard/crtbegin.o
 .text          0x00000000080001d8       0x10 c:/st/stm32cubeide_1.5.0/stm32cubeide/plugins/com.st.stm32cube.ide.mcu.externaltools.gnu-tools-for-stm32.7-2018-q2-update.win32_1.5.0.202011040924/tools/bin/../lib/gcc/arm-none-eabi/7.3.1/../../../../arm-none-eabi/lib/thumb/v7e-m/fpv4-sp/hard\libc_nano.a(lib_a-strlen.o)
                0x00000000080001d8                strlen
 .text          0x00000000080001e8      0x378 c:/st/stm32cubeide_1.5.0/stm32cubeide/plugins/com.st.stm32cube.ide.mcu.externaltools.gnu-tools-for-stm32.7-2018-q2-update.win32_1.5.0.202011040924/tools/bin/../lib/gcc/arm-none-eabi/7.3.1/thumb/v7e-m/fpv4-sp/hard\libgcc.a(_arm_addsubdf3.o)
                0x00000000080001e8                __aeabi_drsub
                0x00000000080001f0                __aeabi_dsub
                0x00000000080001f0                __subdf3
                0x00000000080001f4                __aeabi_dadd
                0x00000000080001f4                __adddf3
                0x000000000800046c                __floatunsidf
                0x000000000800046c                __aeabi_ui2d
                0x000000000800048c                __floatsidf
                0x000000000800048c                __aeabi_i2d
                0x00000000080004b0                __aeabi_f2d
                0x00000000080004b0                __extendsfdf2
                0x00000000080004f4                __floatundidf
                0x00000000080004f4                __aeabi_ul2d
                0x0000000008000504                __floatdidf
                0x0000000008000504                __aeabi_l2d
 .text          0x0000000008000560      0x424 c:/st/stm32cubeide_1.5.0/stm32cubeide/plugins/com.st.stm32cube.ide.mcu.externaltools.gnu-tools-for-stm32.7-2018-q2-update.win32_1.5.0.202011040924/tools/bin/../lib/gcc/arm-none-eabi/7.3.1/thumb/v7e-m/fpv4-sp/hard\libgcc.a(_arm_muldivdf3.o)
                0x0000000008000560                __aeabi_dmul
                0x0000000008000560                __muldf3
                0x00000000080007b4                __divdf3
                0x00000000080007b4                __aeabi_ddiv
 .text          0x0000000008000984      0x110 c:/st/stm32cubeide_1.5.0/stm32cubeide/plugins/com.st.stm32cube.ide.mcu.externaltools.gnu-tools-for-stm32.7-2018-q2-update.win32_1.5.0.202011040924/tools/bin/../lib/gcc/arm-none-eabi/7.3.1/thumb/v7e-m/fpv4-sp/hard\libgcc.a(_arm_cmpdf2.o)
                0x0000000008000984                __gtdf2
                0x0000000008000984                __gedf2
                0x000000000800098c                __ltdf2
                0x000000000800098c                __ledf2
                0x0000000008000994                __nedf2
                0x0000000008000994                __eqdf2
                0x0000000008000994                __cmpdf2
                0x0000000008000a10                __aeabi_cdrcmple
                0x0000000008000a20                __aeabi_cdcmpeq
                0x0000000008000a20                __aeabi_cdcmple
                0x0000000008000a30                __aeabi_dcmpeq
                0x0000000008000a44                __aeabi_dcmplt
                0x0000000008000a58                __aeabi_dcmple
                0x0000000008000a6c                __aeabi_dcmpge
                0x0000000008000a80                __aeabi_dcmpgt
 .text          0x0000000008000a94       0x2c c:/st/stm32cubeide_1.5.0/stm32cubeide/plugins/com.st.stm32cube.ide.mcu.externaltools.gnu-tools-for-stm32.7-2018-q2-update.win32_1.5.0.202011040924/tools/bin/../lib/gcc/arm-none-eabi/7.3.1/thumb/v7e-m/fpv4-sp/hard\libgcc.a(_arm_unorddf2.o)
                0x0000000008000a94                __unorddf2
                0x0000000008000a94                __aeabi_dcmpun
 .text          0x0000000008000ac0       0x50 c:/st/stm32cubeide_1.5.0/stm32cubeide/plugins/com.st.stm32cube.ide.mcu.externaltools.gnu-tools-for-stm32.7-2018-q2-update.win32_1.5.0.202011040924/tools/bin/../lib/gcc/arm-none-eabi/7.3.1/thumb/v7e-m/fpv4-sp/hard\libgcc.a(_arm_fixdfsi.o)
                0x0000000008000ac0                __aeabi_d2iz
                0x0000000008000ac0                __fixdfsi
 .text          0x0000000008000b10       0x30 c:/st/stm32cubeide_1.5.0/stm32cubeide/plugins/com.st.stm32cube.ide.mcu.externaltools.gnu-tools-for-stm32.7-2018-q2-update.win32_1.5.0.202011040924/tools/bin/../lib/gcc/arm-none-eabi/7.3.1/thumb/v7e-m/fpv4-sp/hard\libgcc.a(_aeabi_uldivmod.o)
                0x0000000008000b10                __aeabi_uldivmod
 .text          0x0000000008000b40      0x2cc c:/st/stm32cubeide_1.5.0/stm32cubeide/plugins/com.st.stm32cube.ide.mcu.externaltools.gnu-tools-for-stm32.7-2018-q2-update.win32_1.5.0.202011040924/tools/bin/../lib/gcc/arm-none-eabi/7.3.1/thumb/v7e-m/fpv4-sp/hard\libgcc.a(_udivmoddi4.o)
                0x0000000008000b40                __udivmoddi4
 .text          0x0000000008000e0c        0x4 c:/st/stm32cubeide_1.5.0/stm32cubeide/plugins/com.st.stm32cube.ide.mcu.externaltools.gnu-tools-for-stm32.7-2018-q2-update.win32_1.5.0.202011040924/tools/bin/../lib/gcc/arm-none-eabi/7.3.1/thumb/v7e-m/fpv4-sp/hard\libgcc.a(_dvmd_tls.o)
                0x0000000008000e0c                __aeabi_idiv0
                0x0000000008000e0c                __aeabi_ldiv0
 *(.text*)
 .text.SPI_TxByte
                0x0000000008000e10       0x2c Core/Src/fatfs_sd.o
 .text.SELECT   0x0000000008000e3c       0x10 Core/Src/fatfs_sd.o
 .text.DESELECT
                0x0000000008000e4c       0x10 Core/Src/fatfs_sd.o
 .text.SPI_RxByte
                0x0000000008000e5c       0x3c Core/Src/fatfs_sd.o
 .text.SD_PowerOn
                0x0000000008000e98       0x58 Core/Src/fatfs_sd.o
 .text.SD_ReadyWait
                0x0000000008000ef0       0x20 Core/Src/fatfs_sd.o
 .text.SD_TxDataBlock
                0x0000000008000f10       0x6c Core/Src/fatfs_sd.o
 .text.SD_SendCmd
                0x0000000008000f7c       0x64 Core/Src/fatfs_sd.o
 .text.SD_RxDataBlock
                0x0000000008000fe0       0x54 Core/Src/fatfs_sd.o
 .text.SD_disk_initialize
                0x0000000008001034      0x148 Core/Src/fatfs_sd.o
                0x0000000008001034                SD_disk_initialize
 .text.SD_disk_status
                0x000000000800117c       0x14 Core/Src/fatfs_sd.o
                0x000000000800117c                SD_disk_status
 .text.SD_disk_read
                0x0000000008001190       0x8c Core/Src/fatfs_sd.o
                0x0000000008001190                SD_disk_read
 .text.SD_disk_write
                0x000000000800121c       0xb0 Core/Src/fatfs_sd.o
                0x000000000800121c                SD_disk_write
 .text.SD_disk_ioctl
                0x00000000080012cc      0x140 Core/Src/fatfs_sd.o
                0x00000000080012cc                SD_disk_ioctl
 .text.MX_GPIO_Init
                0x000000000800140c       0x9c Core/Src/gpio.o
                0x000000000800140c                MX_GPIO_Init
 .text.przepiszPlik
                0x00000000080014a8       0x20 Core/Src/main.o
                0x00000000080014a8                przepiszPlik
 .text.otworzPlikZTekstem
                0x00000000080014c8       0x58 Core/Src/main.o
                0x00000000080014c8                otworzPlikZTekstem
 .text.otworzPlikZParametrami
                0x0000000008001520       0xec Core/Src/main.o
                0x0000000008001520                otworzPlikZParametrami
 .text.wypelnijGlownaTablice
                0x000000000800160c       0x4c Core/Src/main.o
                0x000000000800160c                wypelnijGlownaTablice
 .text.dlugoscTablicyGlownej
                0x0000000008001658       0x24 Core/Src/main.o
                0x0000000008001658                dlugoscTablicyGlownej
 .text.dodajMacierzLitery
                0x000000000800167c       0x44 Core/Src/main.o
                0x000000000800167c                dodajMacierzLitery
 .text.KonwertujTekst
                0x00000000080016c0      0xaa0 Core/Src/main.o
                0x00000000080016c0                KonwertujTekst
 .text.DostosujDoPrzewijania
                0x0000000008002160       0x54 Core/Src/main.o
                0x0000000008002160                DostosujDoPrzewijania
 .text.write_byte
                0x00000000080021b4       0x38 Core/Src/main.o
                0x00000000080021b4                write_byte
 *fill*         0x00000000080021ec        0x4 
 .text.ArrayToLed
                0x00000000080021f0       0xec Core/Src/main.o
                0x00000000080021f0                ArrayToLed
 .text.maxInit  0x00000000080022dc       0x40 Core/Src/main.o
                0x00000000080022dc                maxInit
 .text.SystemClock_Config
                0x000000000800231c       0xa0 Core/Src/main.o
                0x000000000800231c                SystemClock_Config
 .text.startup.main
                0x00000000080023bc       0x80 Core/Src/main.o
                0x00000000080023bc                main
 .text.Error_Handler
                0x000000000800243c        0x4 Core/Src/main.o
                0x000000000800243c                Error_Handler
 .text.MX_SPI2_Init
                0x0000000008002440       0x44 Core/Src/spi.o
                0x0000000008002440                MX_SPI2_Init
 .text.HAL_SPI_MspInit
                0x0000000008002484       0x9c Core/Src/spi.o
                0x0000000008002484                HAL_SPI_MspInit
 .text.HAL_MspInit
                0x0000000008002520       0x38 Core/Src/stm32f4xx_hal_msp.o
                0x0000000008002520                HAL_MspInit
 .text.SDTimer_Handler
                0x0000000008002558       0x28 Core/Src/stm32f4xx_it.o
                0x0000000008002558                SDTimer_Handler
 .text.NMI_Handler
                0x0000000008002580        0x2 Core/Src/stm32f4xx_it.o
                0x0000000008002580                NMI_Handler
 .text.HardFault_Handler
                0x0000000008002582        0x2 Core/Src/stm32f4xx_it.o
                0x0000000008002582                HardFault_Handler
 .text.MemManage_Handler
                0x0000000008002584        0x2 Core/Src/stm32f4xx_it.o
                0x0000000008002584                MemManage_Handler
 .text.BusFault_Handler
                0x0000000008002586        0x2 Core/Src/stm32f4xx_it.o
                0x0000000008002586                BusFault_Handler
 .text.UsageFault_Handler
                0x0000000008002588        0x2 Core/Src/stm32f4xx_it.o
                0x0000000008002588                UsageFault_Handler
 .text.SVC_Handler
                0x000000000800258a        0x2 Core/Src/stm32f4xx_it.o
                0x000000000800258a                SVC_Handler
 .text.DebugMon_Handler
                0x000000000800258c        0x2 Core/Src/stm32f4xx_it.o
                0x000000000800258c                DebugMon_Handler
 .text.PendSV_Handler
                0x000000000800258e        0x2 Core/Src/stm32f4xx_it.o
                0x000000000800258e                PendSV_Handler
 .text.SysTick_Handler
                0x0000000008002590       0x28 Core/Src/stm32f4xx_it.o
                0x0000000008002590                SysTick_Handler
 .text.SystemInit
                0x00000000080025b8       0x1c Core/Src/system_stm32f4xx.o
                0x00000000080025b8                SystemInit
 .text.Reset_Handler
                0x00000000080025d4       0x50 Core/Startup/startup_stm32f401retx.o
                0x00000000080025d4                Reset_Handler
 .text.Default_Handler
                0x0000000008002624        0x2 Core/Startup/startup_stm32f401retx.o
                0x0000000008002624                RTC_Alarm_IRQHandler
                0x0000000008002624                EXTI2_IRQHandler
                0x0000000008002624                SPI4_IRQHandler
                0x0000000008002624                TIM1_CC_IRQHandler
                0x0000000008002624                DMA2_Stream5_IRQHandler
                0x0000000008002624                DMA1_Stream5_IRQHandler
                0x0000000008002624                PVD_IRQHandler
                0x0000000008002624                SDIO_IRQHandler
                0x0000000008002624                TAMP_STAMP_IRQHandler
                0x0000000008002624                EXTI3_IRQHandler
                0x0000000008002624                TIM1_UP_TIM10_IRQHandler
                0x0000000008002624                I2C3_ER_IRQHandler
                0x0000000008002624                EXTI0_IRQHandler
                0x0000000008002624                I2C2_EV_IRQHandler
                0x0000000008002624                DMA1_Stream2_IRQHandler
                0x0000000008002624                FPU_IRQHandler
                0x0000000008002624                DMA2_Stream2_IRQHandler
                0x0000000008002624                SPI1_IRQHandler
                0x0000000008002624                TIM1_BRK_TIM9_IRQHandler
                0x0000000008002624                DMA2_Stream3_IRQHandler
                0x0000000008002624                USART6_IRQHandler
                0x0000000008002624                DMA2_Stream0_IRQHandler
                0x0000000008002624                TIM4_IRQHandler
                0x0000000008002624                I2C1_EV_IRQHandler
                0x0000000008002624                DMA1_Stream6_IRQHandler
                0x0000000008002624                DMA1_Stream1_IRQHandler
                0x0000000008002624                TIM3_IRQHandler
                0x0000000008002624                RCC_IRQHandler
                0x0000000008002624                Default_Handler
                0x0000000008002624                EXTI15_10_IRQHandler
                0x0000000008002624                ADC_IRQHandler
                0x0000000008002624                DMA1_Stream7_IRQHandler
                0x0000000008002624                TIM5_IRQHandler
                0x0000000008002624                DMA2_Stream7_IRQHandler
                0x0000000008002624                I2C3_EV_IRQHandler
                0x0000000008002624                EXTI9_5_IRQHandler
                0x0000000008002624                RTC_WKUP_IRQHandler
                0x0000000008002624                SPI2_IRQHandler
                0x0000000008002624                DMA1_Stream0_IRQHandler
                0x0000000008002624                EXTI4_IRQHandler
                0x0000000008002624                WWDG_IRQHandler
                0x0000000008002624                TIM2_IRQHandler
                0x0000000008002624                OTG_FS_WKUP_IRQHandler
                0x0000000008002624                TIM1_TRG_COM_TIM11_IRQHandler
                0x0000000008002624                EXTI1_IRQHandler
                0x0000000008002624                USART2_IRQHandler
                0x0000000008002624                I2C2_ER_IRQHandler
                0x0000000008002624                DMA2_Stream1_IRQHandler
                0x0000000008002624                FLASH_IRQHandler
                0x0000000008002624                DMA2_Stream4_IRQHandler
                0x0000000008002624                USART1_IRQHandler
                0x0000000008002624                OTG_FS_IRQHandler
                0x0000000008002624                SPI3_IRQHandler
                0x0000000008002624                DMA1_Stream4_IRQHandler
                0x0000000008002624                I2C1_ER_IRQHandler
                0x0000000008002624                DMA2_Stream6_IRQHandler
                0x0000000008002624                DMA1_Stream3_IRQHandler
 *fill*         0x0000000008002626        0x2 
 .text.HAL_InitTick
                0x0000000008002628       0x48 Drivers/STM32F4xx_HAL_Driver/Src/stm32f4xx_hal.o
                0x0000000008002628                HAL_InitTick
 .text.HAL_Init
                0x0000000008002670       0x34 Drivers/STM32F4xx_HAL_Driver/Src/stm32f4xx_hal.o
                0x0000000008002670                HAL_Init
 .text.HAL_IncTick
                0x00000000080026a4       0x18 Drivers/STM32F4xx_HAL_Driver/Src/stm32f4xx_hal.o
                0x00000000080026a4                HAL_IncTick
 .text.HAL_GetTick
                0x00000000080026bc        0xc Drivers/STM32F4xx_HAL_Driver/Src/stm32f4xx_hal.o
                0x00000000080026bc                HAL_GetTick
 .text.HAL_Delay
                0x00000000080026c8       0x28 Drivers/STM32F4xx_HAL_Driver/Src/stm32f4xx_hal.o
                0x00000000080026c8                HAL_Delay
 .text.HAL_NVIC_SetPriorityGrouping
                0x00000000080026f0       0x24 Drivers/STM32F4xx_HAL_Driver/Src/stm32f4xx_hal_cortex.o
                0x00000000080026f0                HAL_NVIC_SetPriorityGrouping
 .text.HAL_NVIC_SetPriority
                0x0000000008002714       0x68 Drivers/STM32F4xx_HAL_Driver/Src/stm32f4xx_hal_cortex.o
                0x0000000008002714                HAL_NVIC_SetPriority
 .text.HAL_SYSTICK_Config
                0x000000000800277c       0x2c Drivers/STM32F4xx_HAL_Driver/Src/stm32f4xx_hal_cortex.o
                0x000000000800277c                HAL_SYSTICK_Config
 .text.HAL_GPIO_Init
                0x00000000080027a8      0x19c Drivers/STM32F4xx_HAL_Driver/Src/stm32f4xx_hal_gpio.o
                0x00000000080027a8                HAL_GPIO_Init
 .text.HAL_GPIO_WritePin
                0x0000000008002944        0xa Drivers/STM32F4xx_HAL_Driver/Src/stm32f4xx_hal_gpio.o
                0x0000000008002944                HAL_GPIO_WritePin
 *fill*         0x000000000800294e        0x2 
 .text.HAL_RCC_OscConfig
                0x0000000008002950      0x34c Drivers/STM32F4xx_HAL_Driver/Src/stm32f4xx_hal_rcc.o
                0x0000000008002950                HAL_RCC_OscConfig
 .text.HAL_RCC_GetSysClockFreq
                0x0000000008002c9c       0x5c Drivers/STM32F4xx_HAL_Driver/Src/stm32f4xx_hal_rcc.o
                0x0000000008002c9c                HAL_RCC_GetSysClockFreq
 .text.HAL_RCC_ClockConfig
                0x0000000008002cf8      0x134 Drivers/STM32F4xx_HAL_Driver/Src/stm32f4xx_hal_rcc.o
                0x0000000008002cf8                HAL_RCC_ClockConfig
 .text.SPI_WaitFlagStateUntilTimeout.constprop.7
                0x0000000008002e2c       0x76 Drivers/STM32F4xx_HAL_Driver/Src/stm32f4xx_hal_spi.o
 *fill*         0x0000000008002ea2        0x2 
 .text.SPI_EndRxTxTransaction
                0x0000000008002ea4       0x58 Drivers/STM32F4xx_HAL_Driver/Src/stm32f4xx_hal_spi.o
 .text.HAL_SPI_Init
                0x0000000008002efc       0x7a Drivers/STM32F4xx_HAL_Driver/Src/stm32f4xx_hal_spi.o
                0x0000000008002efc                HAL_SPI_Init
 .text.HAL_SPI_Transmit
                0x0000000008002f76      0x150 Drivers/STM32F4xx_HAL_Driver/Src/stm32f4xx_hal_spi.o
                0x0000000008002f76                HAL_SPI_Transmit
 .text.HAL_SPI_TransmitReceive
                0x00000000080030c6      0x1e0 Drivers/STM32F4xx_HAL_Driver/Src/stm32f4xx_hal_spi.o
                0x00000000080030c6                HAL_SPI_TransmitReceive
 .text.HAL_SPI_GetState
                0x00000000080032a6        0x6 Drivers/STM32F4xx_HAL_Driver/Src/stm32f4xx_hal_spi.o
                0x00000000080032a6                HAL_SPI_GetState
 .text.MX_FATFS_Init
                0x00000000080032ac       0x1c FATFS/App/fatfs.o
                0x00000000080032ac                MX_FATFS_Init
 .text.get_fattime
                0x00000000080032c8        0x4 FATFS/App/fatfs.o
                0x00000000080032c8                get_fattime
 .text.USER_initialize
                0x00000000080032cc        0xa FATFS/Target/user_diskio.o
                0x00000000080032cc                USER_initialize
 .text.USER_status
                0x00000000080032d6        0xa FATFS/Target/user_diskio.o
                0x00000000080032d6                USER_status
 .text.USER_read
                0x00000000080032e0        0xa FATFS/Target/user_diskio.o
                0x00000000080032e0                USER_read
 .text.USER_write
                0x00000000080032ea        0xa FATFS/Target/user_diskio.o
                0x00000000080032ea                USER_write
 .text.USER_ioctl
                0x00000000080032f4        0xa FATFS/Target/user_diskio.o
                0x00000000080032f4                USER_ioctl
 *fill*         0x00000000080032fe        0x2 
 .text.disk_status
                0x0000000008003300       0x14 Middlewares/Third_Party/FatFs/src/diskio.o
                0x0000000008003300                disk_status
 .text.disk_initialize
                0x0000000008003314       0x20 Middlewares/Third_Party/FatFs/src/diskio.o
                0x0000000008003314                disk_initialize
 .text.disk_read
                0x0000000008003334       0x1c Middlewares/Third_Party/FatFs/src/diskio.o
                0x0000000008003334                disk_read
 .text.disk_write
                0x0000000008003350       0x1c Middlewares/Third_Party/FatFs/src/diskio.o
                0x0000000008003350                disk_write
 .text.disk_ioctl
                0x000000000800336c       0x1c Middlewares/Third_Party/FatFs/src/diskio.o
                0x000000000800336c                disk_ioctl
 .text.ld_dword
                0x0000000008003388       0x10 Middlewares/Third_Party/FatFs/src/ff.o
 .text.st_dword
                0x0000000008003398       0x10 Middlewares/Third_Party/FatFs/src/ff.o
 .text.mem_set  0x00000000080033a8        0xc Middlewares/Third_Party/FatFs/src/ff.o
 .text.chk_lock
                0x00000000080033b4       0x74 Middlewares/Third_Party/FatFs/src/ff.o
 .text.inc_lock
                0x0000000008003428       0x80 Middlewares/Third_Party/FatFs/src/ff.o
 .text.dec_lock
                0x00000000080034a8       0x38 Middlewares/Third_Party/FatFs/src/ff.o
 .text.clust2sect
                0x00000000080034e0       0x16 Middlewares/Third_Party/FatFs/src/ff.o
 .text.clmt_clust
                0x00000000080034f6       0x28 Middlewares/Third_Party/FatFs/src/ff.o
 .text.sum_sfn  0x000000000800351e       0x1e Middlewares/Third_Party/FatFs/src/ff.o
 .text.get_ldnumber
                0x000000000800353c       0x30 Middlewares/Third_Party/FatFs/src/ff.o
 .text.validate
                0x000000000800356c       0x34 Middlewares/Third_Party/FatFs/src/ff.o
 .text.mem_cpy.part.0
                0x00000000080035a0       0x12 Middlewares/Third_Party/FatFs/src/ff.o
 .text.ld_clust.isra.1
                0x00000000080035b2       0x1c Middlewares/Third_Party/FatFs/src/ff.o
 .text.st_clust.isra.2
                0x00000000080035ce       0x18 Middlewares/Third_Party/FatFs/src/ff.o
 .text.sync_window.part.3
                0x00000000080035e6       0x46 Middlewares/Third_Party/FatFs/src/ff.o
 .text.sync_window
                0x000000000800362c        0xc Middlewares/Third_Party/FatFs/src/ff.o
 .text.move_window
                0x0000000008003638       0x36 Middlewares/Third_Party/FatFs/src/ff.o
 *fill*         0x000000000800366e        0x2 
 .text.check_fs
                0x0000000008003670       0x80 Middlewares/Third_Party/FatFs/src/ff.o
 .text.find_volume
                0x00000000080036f0      0x2ec Middlewares/Third_Party/FatFs/src/ff.o
 .text.put_fat  0x00000000080039dc      0x128 Middlewares/Third_Party/FatFs/src/ff.o
 .text.get_fat.isra.7
                0x0000000008003b04       0xe0 Middlewares/Third_Party/FatFs/src/ff.o
 .text.dir_sdi  0x0000000008003be4       0x8a Middlewares/Third_Party/FatFs/src/ff.o
 .text.create_chain
                0x0000000008003c6e       0xb0 Middlewares/Third_Party/FatFs/src/ff.o
 .text.remove_chain
                0x0000000008003d1e       0x6e Middlewares/Third_Party/FatFs/src/ff.o
 .text.sync_fs  0x0000000008003d8c       0x94 Middlewares/Third_Party/FatFs/src/ff.o
 .text.dir_next
                0x0000000008003e20       0xf8 Middlewares/Third_Party/FatFs/src/ff.o
 .text.dir_find
                0x0000000008003f18      0x164 Middlewares/Third_Party/FatFs/src/ff.o
 .text.dir_register
                0x000000000800407c      0x26c Middlewares/Third_Party/FatFs/src/ff.o
 .text.follow_path
                0x00000000080042e8      0x270 Middlewares/Third_Party/FatFs/src/ff.o
 .text.f_mount  0x0000000008004558       0x68 Middlewares/Third_Party/FatFs/src/ff.o
                0x0000000008004558                f_mount
 .text.f_open   0x00000000080045c0      0x224 Middlewares/Third_Party/FatFs/src/ff.o
                0x00000000080045c0                f_open
 .text.f_read   0x00000000080047e4      0x17e Middlewares/Third_Party/FatFs/src/ff.o
                0x00000000080047e4                f_read
 .text.f_sync   0x0000000008004962       0x90 Middlewares/Third_Party/FatFs/src/ff.o
                0x0000000008004962                f_sync
 .text.f_close  0x00000000080049f2       0x22 Middlewares/Third_Party/FatFs/src/ff.o
                0x00000000080049f2                f_close
 .text.f_gets   0x0000000008004a14       0x4a Middlewares/Third_Party/FatFs/src/ff.o
                0x0000000008004a14                f_gets
 *fill*         0x0000000008004a5e        0x2 
 .text.FATFS_LinkDriverEx
                0x0000000008004a60       0x44 Middlewares/Third_Party/FatFs/src/ff_gen_drv.o
                0x0000000008004a60                FATFS_LinkDriverEx
 .text.FATFS_LinkDriver
                0x0000000008004aa4        0x6 Middlewares/Third_Party/FatFs/src/ff_gen_drv.o
                0x0000000008004aa4                FATFS_LinkDriver
 *fill*         0x0000000008004aaa        0x2 
 .text.ff_convert
                0x0000000008004aac       0x3c Middlewares/Third_Party/FatFs/src/option/ccsbcs.o
                0x0000000008004aac                ff_convert
 .text.ff_wtoupper
                0x0000000008004ae8       0x84 Middlewares/Third_Party/FatFs/src/option/ccsbcs.o
                0x0000000008004ae8                ff_wtoupper
 .text.__errno  0x0000000008004b6c        0xc c:/st/stm32cubeide_1.5.0/stm32cubeide/plugins/com.st.stm32cube.ide.mcu.externaltools.gnu-tools-for-stm32.7-2018-q2-update.win32_1.5.0.202011040924/tools/bin/../lib/gcc/arm-none-eabi/7.3.1/../../../../arm-none-eabi/lib/thumb/v7e-m/fpv4-sp/hard\libc_nano.a(lib_a-errno.o)
                0x0000000008004b6c                __errno
 .text.__libc_init_array
                0x0000000008004b78       0x48 c:/st/stm32cubeide_1.5.0/stm32cubeide/plugins/com.st.stm32cube.ide.mcu.externaltools.gnu-tools-for-stm32.7-2018-q2-update.win32_1.5.0.202011040924/tools/bin/../lib/gcc/arm-none-eabi/7.3.1/../../../../arm-none-eabi/lib/thumb/v7e-m/fpv4-sp/hard\libc_nano.a(lib_a-init.o)
                0x0000000008004b78                __libc_init_array
 .text.memset   0x0000000008004bc0       0x10 c:/st/stm32cubeide_1.5.0/stm32cubeide/plugins/com.st.stm32cube.ide.mcu.externaltools.gnu-tools-for-stm32.7-2018-q2-update.win32_1.5.0.202011040924/tools/bin/../lib/gcc/arm-none-eabi/7.3.1/../../../../arm-none-eabi/lib/thumb/v7e-m/fpv4-sp/hard\libc_nano.a(lib_a-memset.o)
                0x0000000008004bc0                memset
 .text.strcpy   0x0000000008004bd0       0x10 c:/st/stm32cubeide_1.5.0/stm32cubeide/plugins/com.st.stm32cube.ide.mcu.externaltools.gnu-tools-for-stm32.7-2018-q2-update.win32_1.5.0.202011040924/tools/bin/../lib/gcc/arm-none-eabi/7.3.1/../../../../arm-none-eabi/lib/thumb/v7e-m/fpv4-sp/hard\libc_nano.a(lib_a-strcpy.o)
                0x0000000008004bd0                strcpy
 .text.pow      0x0000000008004be0      0x2e0 c:/st/stm32cubeide_1.5.0/stm32cubeide/plugins/com.st.stm32cube.ide.mcu.externaltools.gnu-tools-for-stm32.7-2018-q2-update.win32_1.5.0.202011040924/tools/bin/../lib/gcc/arm-none-eabi/7.3.1/../../../../arm-none-eabi/lib/thumb/v7e-m/fpv4-sp/hard\libm.a(lib_a-w_pow.o)
                0x0000000008004be0                pow
 .text.__ieee754_pow
                0x0000000008004ec0      0xa1c c:/st/stm32cubeide_1.5.0/stm32cubeide/plugins/com.st.stm32cube.ide.mcu.externaltools.gnu-tools-for-stm32.7-2018-q2-update.win32_1.5.0.202011040924/tools/bin/../lib/gcc/arm-none-eabi/7.3.1/../../../../arm-none-eabi/lib/thumb/v7e-m/fpv4-sp/hard\libm.a(lib_a-e_pow.o)
                0x0000000008004ec0                __ieee754_pow
 .text.__ieee754_sqrt
                0x00000000080058dc      0x160 c:/st/stm32cubeide_1.5.0/stm32cubeide/plugins/com.st.stm32cube.ide.mcu.externaltools.gnu-tools-for-stm32.7-2018-q2-update.win32_1.5.0.202011040924/tools/bin/../lib/gcc/arm-none-eabi/7.3.1/../../../../arm-none-eabi/lib/thumb/v7e-m/fpv4-sp/hard\libm.a(lib_a-e_sqrt.o)
                0x00000000080058dc                __ieee754_sqrt
 .text.fabs     0x0000000008005a3c       0x12 c:/st/stm32cubeide_1.5.0/stm32cubeide/plugins/com.st.stm32cube.ide.mcu.externaltools.gnu-tools-for-stm32.7-2018-q2-update.win32_1.5.0.202011040924/tools/bin/../lib/gcc/arm-none-eabi/7.3.1/../../../../arm-none-eabi/lib/thumb/v7e-m/fpv4-sp/hard\libm.a(lib_a-s_fabs.o)
                0x0000000008005a3c                fabs
 .text.finite   0x0000000008005a4e       0x10 c:/st/stm32cubeide_1.5.0/stm32cubeide/plugins/com.st.stm32cube.ide.mcu.externaltools.gnu-tools-for-stm32.7-2018-q2-update.win32_1.5.0.202011040924/tools/bin/../lib/gcc/arm-none-eabi/7.3.1/../../../../arm-none-eabi/lib/thumb/v7e-m/fpv4-sp/hard\libm.a(lib_a-s_finite.o)
                0x0000000008005a4e                finite
 .text.matherr  0x0000000008005a5e        0x4 c:/st/stm32cubeide_1.5.0/stm32cubeide/plugins/com.st.stm32cube.ide.mcu.externaltools.gnu-tools-for-stm32.7-2018-q2-update.win32_1.5.0.202011040924/tools/bin/../lib/gcc/arm-none-eabi/7.3.1/../../../../arm-none-eabi/lib/thumb/v7e-m/fpv4-sp/hard\libm.a(lib_a-s_matherr.o)
                0x0000000008005a5e                matherr
 *fill*         0x0000000008005a62        0x6 
 .text.nan      0x0000000008005a68       0x10 c:/st/stm32cubeide_1.5.0/stm32cubeide/plugins/com.st.stm32cube.ide.mcu.externaltools.gnu-tools-for-stm32.7-2018-q2-update.win32_1.5.0.202011040924/tools/bin/../lib/gcc/arm-none-eabi/7.3.1/../../../../arm-none-eabi/lib/thumb/v7e-m/fpv4-sp/hard\libm.a(lib_a-s_nan.o)
                0x0000000008005a68                nan
 .text.rint     0x0000000008005a78      0x108 c:/st/stm32cubeide_1.5.0/stm32cubeide/plugins/com.st.stm32cube.ide.mcu.externaltools.gnu-tools-for-stm32.7-2018-q2-update.win32_1.5.0.202011040924/tools/bin/../lib/gcc/arm-none-eabi/7.3.1/../../../../arm-none-eabi/lib/thumb/v7e-m/fpv4-sp/hard\libm.a(lib_a-s_rint.o)
                0x0000000008005a78                rint
 .text.scalbn   0x0000000008005b80       0xec c:/st/stm32cubeide_1.5.0/stm32cubeide/plugins/com.st.stm32cube.ide.mcu.externaltools.gnu-tools-for-stm32.7-2018-q2-update.win32_1.5.0.202011040924/tools/bin/../lib/gcc/arm-none-eabi/7.3.1/../../../../arm-none-eabi/lib/thumb/v7e-m/fpv4-sp/hard\libm.a(lib_a-s_scalbn.o)
                0x0000000008005b80                scalbn
 .text.copysign
                0x0000000008005c6c       0x1e c:/st/stm32cubeide_1.5.0/stm32cubeide/plugins/com.st.stm32cube.ide.mcu.externaltools.gnu-tools-for-stm32.7-2018-q2-update.win32_1.5.0.202011040924/tools/bin/../lib/gcc/arm-none-eabi/7.3.1/../../../../arm-none-eabi/lib/thumb/v7e-m/fpv4-sp/hard\libm.a(lib_a-s_copysign.o)
                0x0000000008005c6c                copysign
 *(.glue_7)
 .glue_7        0x0000000008005c8a        0x0 linker stubs
 *(.glue_7t)
 .glue_7t       0x0000000008005c8a        0x0 linker stubs
 *(.eh_frame)
 *fill*         0x0000000008005c8a        0x2 
 .eh_frame      0x0000000008005c8c        0x0 c:/st/stm32cubeide_1.5.0/stm32cubeide/plugins/com.st.stm32cube.ide.mcu.externaltools.gnu-tools-for-stm32.7-2018-q2-update.win32_1.5.0.202011040924/tools/bin/../lib/gcc/arm-none-eabi/7.3.1/thumb/v7e-m/fpv4-sp/hard/crtbegin.o
 *(.init)
 .init          0x0000000008005c8c        0x4 c:/st/stm32cubeide_1.5.0/stm32cubeide/plugins/com.st.stm32cube.ide.mcu.externaltools.gnu-tools-for-stm32.7-2018-q2-update.win32_1.5.0.202011040924/tools/bin/../lib/gcc/arm-none-eabi/7.3.1/thumb/v7e-m/fpv4-sp/hard/crti.o
                0x0000000008005c8c                _init
 .init          0x0000000008005c90        0x8 c:/st/stm32cubeide_1.5.0/stm32cubeide/plugins/com.st.stm32cube.ide.mcu.externaltools.gnu-tools-for-stm32.7-2018-q2-update.win32_1.5.0.202011040924/tools/bin/../lib/gcc/arm-none-eabi/7.3.1/thumb/v7e-m/fpv4-sp/hard/crtn.o
 *(.fini)
 .fini          0x0000000008005c98        0x4 c:/st/stm32cubeide_1.5.0/stm32cubeide/plugins/com.st.stm32cube.ide.mcu.externaltools.gnu-tools-for-stm32.7-2018-q2-update.win32_1.5.0.202011040924/tools/bin/../lib/gcc/arm-none-eabi/7.3.1/thumb/v7e-m/fpv4-sp/hard/crti.o
                0x0000000008005c98                _fini
 .fini          0x0000000008005c9c        0x8 c:/st/stm32cubeide_1.5.0/stm32cubeide/plugins/com.st.stm32cube.ide.mcu.externaltools.gnu-tools-for-stm32.7-2018-q2-update.win32_1.5.0.202011040924/tools/bin/../lib/gcc/arm-none-eabi/7.3.1/thumb/v7e-m/fpv4-sp/hard/crtn.o
                0x0000000008005ca4                . = ALIGN (0x4)
                0x0000000008005ca4                _etext = .

.vfp11_veneer   0x0000000008005ca4        0x0
 .vfp11_veneer  0x0000000008005ca4        0x0 linker stubs

.v4_bx          0x0000000008005ca4        0x0
 .v4_bx         0x0000000008005ca4        0x0 linker stubs

.iplt           0x0000000008005ca4        0x0
 .iplt          0x0000000008005ca4        0x0 c:/st/stm32cubeide_1.5.0/stm32cubeide/plugins/com.st.stm32cube.ide.mcu.externaltools.gnu-tools-for-stm32.7-2018-q2-update.win32_1.5.0.202011040924/tools/bin/../lib/gcc/arm-none-eabi/7.3.1/thumb/v7e-m/fpv4-sp/hard/crtbegin.o

.rodata         0x0000000008005ca8      0xe98
                0x0000000008005ca8                . = ALIGN (0x4)
 *(.rodata)
 .rodata        0x0000000008005ca8      0x8e0 Core/Src/main.o
 *(.rodata*)
 .rodata.otworzPlikZParametrami.str1.1
                0x0000000008006588      0x10a Core/Src/main.o
 .rodata.otworzPlikZTekstem.str1.1
                0x0000000008006692        0xa Core/Src/main.o
                                          0xb (size before relaxing)
 .rodata.AHBPrescTable
                0x000000000800669c       0x10 Core/Src/system_stm32f4xx.o
                0x000000000800669c                AHBPrescTable
 .rodata.ExCvt  0x00000000080066ac       0x80 Middlewares/Third_Party/FatFs/src/ff.o
 .rodata.LfnOfs
                0x000000000800672c        0xd Middlewares/Third_Party/FatFs/src/ff.o
 .rodata.follow_path.str1.1
                0x0000000008006739       0x10 Middlewares/Third_Party/FatFs/src/ff.o
 *fill*         0x0000000008006749        0x1 
 .rodata.Tbl    0x000000000800674a      0x100 Middlewares/Third_Party/FatFs/src/option/ccsbcs.o
 .rodata.cvt1.8154
                0x000000000800684a      0x1f2 Middlewares/Third_Party/FatFs/src/option/ccsbcs.o
 .rodata.cvt2.8155
                0x0000000008006a3c       0xbc Middlewares/Third_Party/FatFs/src/option/ccsbcs.o
 .rodata.pow.str1.1
                0x0000000008006af8        0x4 c:/st/stm32cubeide_1.5.0/stm32cubeide/plugins/com.st.stm32cube.ide.mcu.externaltools.gnu-tools-for-stm32.7-2018-q2-update.win32_1.5.0.202011040924/tools/bin/../lib/gcc/arm-none-eabi/7.3.1/../../../../arm-none-eabi/lib/thumb/v7e-m/fpv4-sp/hard\libm.a(lib_a-w_pow.o)
 .rodata.__ieee754_pow.str1.1
                0x0000000008006afc        0x1 c:/st/stm32cubeide_1.5.0/stm32cubeide/plugins/com.st.stm32cube.ide.mcu.externaltools.gnu-tools-for-stm32.7-2018-q2-update.win32_1.5.0.202011040924/tools/bin/../lib/gcc/arm-none-eabi/7.3.1/../../../../arm-none-eabi/lib/thumb/v7e-m/fpv4-sp/hard\libm.a(lib_a-e_pow.o)
 *fill*         0x0000000008006afc        0x4 
 .rodata.bp     0x0000000008006b00       0x10 c:/st/stm32cubeide_1.5.0/stm32cubeide/plugins/com.st.stm32cube.ide.mcu.externaltools.gnu-tools-for-stm32.7-2018-q2-update.win32_1.5.0.202011040924/tools/bin/../lib/gcc/arm-none-eabi/7.3.1/../../../../arm-none-eabi/lib/thumb/v7e-m/fpv4-sp/hard\libm.a(lib_a-e_pow.o)
 .rodata.dp_h   0x0000000008006b10       0x10 c:/st/stm32cubeide_1.5.0/stm32cubeide/plugins/com.st.stm32cube.ide.mcu.externaltools.gnu-tools-for-stm32.7-2018-q2-update.win32_1.5.0.202011040924/tools/bin/../lib/gcc/arm-none-eabi/7.3.1/../../../../arm-none-eabi/lib/thumb/v7e-m/fpv4-sp/hard\libm.a(lib_a-e_pow.o)
 .rodata.dp_l   0x0000000008006b20       0x10 c:/st/stm32cubeide_1.5.0/stm32cubeide/plugins/com.st.stm32cube.ide.mcu.externaltools.gnu-tools-for-stm32.7-2018-q2-update.win32_1.5.0.202011040924/tools/bin/../lib/gcc/arm-none-eabi/7.3.1/../../../../arm-none-eabi/lib/thumb/v7e-m/fpv4-sp/hard\libm.a(lib_a-e_pow.o)
 .rodata.TWO52  0x0000000008006b30       0x10 c:/st/stm32cubeide_1.5.0/stm32cubeide/plugins/com.st.stm32cube.ide.mcu.externaltools.gnu-tools-for-stm32.7-2018-q2-update.win32_1.5.0.202011040924/tools/bin/../lib/gcc/arm-none-eabi/7.3.1/../../../../arm-none-eabi/lib/thumb/v7e-m/fpv4-sp/hard\libm.a(lib_a-s_rint.o)
                0x0000000008006b40                . = ALIGN (0x4)

.ARM.extab      0x0000000008006b40        0x0
                0x0000000008006b40                . = ALIGN (0x4)
 *(.ARM.extab* .gnu.linkonce.armextab.*)
                0x0000000008006b40                . = ALIGN (0x4)

.ARM            0x0000000008006b40        0x8
                0x0000000008006b40                . = ALIGN (0x4)
                0x0000000008006b40                __exidx_start = .
 *(.ARM.exidx*)
 .ARM.exidx     0x0000000008006b40        0x8 c:/st/stm32cubeide_1.5.0/stm32cubeide/plugins/com.st.stm32cube.ide.mcu.externaltools.gnu-tools-for-stm32.7-2018-q2-update.win32_1.5.0.202011040924/tools/bin/../lib/gcc/arm-none-eabi/7.3.1/thumb/v7e-m/fpv4-sp/hard\libgcc.a(_udivmoddi4.o)
                0x0000000008006b48                __exidx_end = .
                0x0000000008006b48                . = ALIGN (0x4)

.rel.dyn        0x0000000008006b48        0x0
 .rel.iplt      0x0000000008006b48        0x0 c:/st/stm32cubeide_1.5.0/stm32cubeide/plugins/com.st.stm32cube.ide.mcu.externaltools.gnu-tools-for-stm32.7-2018-q2-update.win32_1.5.0.202011040924/tools/bin/../lib/gcc/arm-none-eabi/7.3.1/thumb/v7e-m/fpv4-sp/hard/crtbegin.o

.preinit_array  0x0000000008006b48        0x0
                0x0000000008006b48                . = ALIGN (0x4)
                0x0000000008006b48                PROVIDE (__preinit_array_start = .)
 *(.preinit_array*)
                0x0000000008006b48                PROVIDE (__preinit_array_end = .)
                0x0000000008006b48                . = ALIGN (0x4)

.init_array     0x0000000008006b48        0x4
                0x0000000008006b48                . = ALIGN (0x4)
                0x0000000008006b48                PROVIDE (__init_array_start = .)
 *(SORT_BY_NAME(.init_array.*))
 *(.init_array*)
 .init_array    0x0000000008006b48        0x4 c:/st/stm32cubeide_1.5.0/stm32cubeide/plugins/com.st.stm32cube.ide.mcu.externaltools.gnu-tools-for-stm32.7-2018-q2-update.win32_1.5.0.202011040924/tools/bin/../lib/gcc/arm-none-eabi/7.3.1/thumb/v7e-m/fpv4-sp/hard/crtbegin.o
                0x0000000008006b4c                PROVIDE (__init_array_end = .)
                0x0000000008006b4c                . = ALIGN (0x4)

.fini_array     0x0000000008006b4c        0x4
                0x0000000008006b4c                . = ALIGN (0x4)
                [!provide]                        PROVIDE (__fini_array_start = .)
 *(SORT_BY_NAME(.fini_array.*))
 *(.fini_array*)
 .fini_array    0x0000000008006b4c        0x4 c:/st/stm32cubeide_1.5.0/stm32cubeide/plugins/com.st.stm32cube.ide.mcu.externaltools.gnu-tools-for-stm32.7-2018-q2-update.win32_1.5.0.202011040924/tools/bin/../lib/gcc/arm-none-eabi/7.3.1/thumb/v7e-m/fpv4-sp/hard/crtbegin.o
                [!provide]                        PROVIDE (__fini_array_end = .)
                0x0000000008006b50                . = ALIGN (0x4)
                0x0000000008006b50                _sidata = LOADADDR (.data)

.data           0x0000000020000000       0x90 load address 0x0000000008006b50
                0x0000000020000000                . = ALIGN (0x4)
                0x0000000020000000                _sdata = .
 *(.data)
 *(.data*)
 .data.Stat     0x0000000020000000        0x1 Core/Src/fatfs_sd.o
 *fill*         0x0000000020000001        0x3 
 .data.mode     0x0000000020000004        0x4 Core/Src/main.o
                0x0000000020000004                mode
 .data.SystemCoreClock
                0x0000000020000008        0x4 Core/Src/system_stm32f4xx.o
                0x0000000020000008                SystemCoreClock
 .data.uwTickFreq
                0x000000002000000c        0x1 Drivers/STM32F4xx_HAL_Driver/Src/stm32f4xx_hal.o
                0x000000002000000c                uwTickFreq
 *fill*         0x000000002000000d        0x3 
 .data.uwTickPrio
                0x0000000020000010        0x4 Drivers/STM32F4xx_HAL_Driver/Src/stm32f4xx_hal.o
                0x0000000020000010                uwTickPrio
 .data.USER_Driver
                0x0000000020000014       0x14 FATFS/Target/user_diskio.o
                0x0000000020000014                USER_Driver
 .data._impure_ptr
                0x0000000020000028        0x4 c:/st/stm32cubeide_1.5.0/stm32cubeide/plugins/com.st.stm32cube.ide.mcu.externaltools.gnu-tools-for-stm32.7-2018-q2-update.win32_1.5.0.202011040924/tools/bin/../lib/gcc/arm-none-eabi/7.3.1/../../../../arm-none-eabi/lib/thumb/v7e-m/fpv4-sp/hard\libc_nano.a(lib_a-impure.o)
                0x0000000020000028                _impure_ptr
 .data.impure_data
                0x000000002000002c       0x60 c:/st/stm32cubeide_1.5.0/stm32cubeide/plugins/com.st.stm32cube.ide.mcu.externaltools.gnu-tools-for-stm32.7-2018-q2-update.win32_1.5.0.202011040924/tools/bin/../lib/gcc/arm-none-eabi/7.3.1/../../../../arm-none-eabi/lib/thumb/v7e-m/fpv4-sp/hard\libc_nano.a(lib_a-impure.o)
 .data.__fdlib_version
                0x000000002000008c        0x1 c:/st/stm32cubeide_1.5.0/stm32cubeide/plugins/com.st.stm32cube.ide.mcu.externaltools.gnu-tools-for-stm32.7-2018-q2-update.win32_1.5.0.202011040924/tools/bin/../lib/gcc/arm-none-eabi/7.3.1/../../../../arm-none-eabi/lib/thumb/v7e-m/fpv4-sp/hard\libm.a(lib_a-s_lib_ver.o)
                0x000000002000008c                __fdlib_version
 *(.RamFunc)
 *(.RamFunc*)
                0x0000000020000090                . = ALIGN (0x4)
 *fill*         0x000000002000008d        0x3 
                0x0000000020000090                _edata = .

.igot.plt       0x0000000020000090        0x0 load address 0x0000000008006be0
 .igot.plt      0x0000000020000090        0x0 c:/st/stm32cubeide_1.5.0/stm32cubeide/plugins/com.st.stm32cube.ide.mcu.externaltools.gnu-tools-for-stm32.7-2018-q2-update.win32_1.5.0.202011040924/tools/bin/../lib/gcc/arm-none-eabi/7.3.1/thumb/v7e-m/fpv4-sp/hard/crtbegin.o
                0x0000000020000090                . = ALIGN (0x4)

.bss            0x0000000020000090     0xe048 load address 0x0000000008006be0
                0x0000000020000090                _sbss = .
                0x0000000020000090                __bss_start__ = _sbss
 *(.bss)
 .bss           0x0000000020000090       0x1c c:/st/stm32cubeide_1.5.0/stm32cubeide/plugins/com.st.stm32cube.ide.mcu.externaltools.gnu-tools-for-stm32.7-2018-q2-update.win32_1.5.0.202011040924/tools/bin/../lib/gcc/arm-none-eabi/7.3.1/thumb/v7e-m/fpv4-sp/hard/crtbegin.o
 *(.bss*)
 .bss.CardType  0x00000000200000ac        0x1 Core/Src/fatfs_sd.o
 .bss.PowerFlag
                0x00000000200000ad        0x1 Core/Src/fatfs_sd.o
 *fill*         0x00000000200000ae        0x2 
 .bss.dlugoscZnaku
                0x00000000200000b0        0x4 Core/Src/main.o
                0x00000000200000b0                dlugoscZnaku
 .bss.ilosc_led
                0x00000000200000b4        0x4 Core/Src/main.o
                0x00000000200000b4                ilosc_led
 .bss.kontrast  0x00000000200000b8        0x4 Core/Src/main.o
                0x00000000200000b8                kontrast
 .bss.szybkosc  0x00000000200000bc        0x4 Core/Src/main.o
                0x00000000200000bc                szybkosc
 .bss.FatFsCnt  0x00000000200000c0        0x1 Core/Src/stm32f4xx_it.o
                0x00000000200000c0                FatFsCnt
 *fill*         0x00000000200000c1        0x3 
 .bss.FatFs     0x00000000200000c4        0x4 Middlewares/Third_Party/FatFs/src/ff.o
 .bss.Files     0x00000000200000c8       0x20 Middlewares/Third_Party/FatFs/src/ff.o
 .bss.Fsid      0x00000000200000e8        0x2 Middlewares/Third_Party/FatFs/src/ff.o
 .bss.LfnBuf    0x00000000200000ea      0x200 Middlewares/Third_Party/FatFs/src/ff.o
 *fill*         0x00000000200002ea        0x2 
 .bss.disk      0x00000000200002ec        0xc Middlewares/Third_Party/FatFs/src/ff_gen_drv.o
                0x00000000200002ec                disk
 *(COMMON)
 COMMON         0x00000000200002f8     0xbd10 Core/Src/main.o
                0x00000000200002f8                tekst
                0x0000000020001298                fs
                0x00000000200022d0                buffer2
                0x0000000020002334                tablicaGlowna
                0x000000002000a034                buffer
                0x000000002000afd4                fresult
                0x000000002000afd8                fil
 COMMON         0x000000002000c008       0x58 Core/Src/spi.o
                0x000000002000c008                hspi2
 COMMON         0x000000002000c060        0x2 Core/Src/stm32f4xx_it.o
                0x000000002000c060                Timer2
                0x000000002000c061                Timer1
 *fill*         0x000000002000c062        0x2 
 COMMON         0x000000002000c064        0x4 Drivers/STM32F4xx_HAL_Driver/Src/stm32f4xx_hal.o
                0x000000002000c064                uwTick
 COMMON         0x000000002000c068     0x2070 FATFS/App/fatfs.o
                0x000000002000c068                USERPath
                0x000000002000c06c                retUSER
                0x000000002000c070                USERFile
                0x000000002000d0a0                USERFatFS
                0x000000002000e0d8                . = ALIGN (0x4)
                0x000000002000e0d8                _ebss = .
                0x000000002000e0d8                __bss_end__ = _ebss

._user_heap_stack
                0x000000002000e0d8      0x600 load address 0x0000000008006be0
                0x000000002000e0d8                . = ALIGN (0x8)
                [!provide]                        PROVIDE (end = .)
                0x000000002000e0d8                PROVIDE (_end = .)
                0x000000002000e2d8                . = (. + _Min_Heap_Size)
 *fill*         0x000000002000e0d8      0x200 
                0x000000002000e6d8                . = (. + _Min_Stack_Size)
 *fill*         0x000000002000e2d8      0x400 
                0x000000002000e6d8                . = ALIGN (0x8)

/DISCARD/
 libc.a(*)
 libm.a(*)
 libgcc.a(*)

.ARM.attributes
                0x0000000000000000       0x30
 *(.ARM.attributes)
 .ARM.attributes
                0x0000000000000000       0x22 c:/st/stm32cubeide_1.5.0/stm32cubeide/plugins/com.st.stm32cube.ide.mcu.externaltools.gnu-tools-for-stm32.7-2018-q2-update.win32_1.5.0.202011040924/tools/bin/../lib/gcc/arm-none-eabi/7.3.1/thumb/v7e-m/fpv4-sp/hard/crti.o
 .ARM.attributes
                0x0000000000000022       0x34 c:/st/stm32cubeide_1.5.0/stm32cubeide/plugins/com.st.stm32cube.ide.mcu.externaltools.gnu-tools-for-stm32.7-2018-q2-update.win32_1.5.0.202011040924/tools/bin/../lib/gcc/arm-none-eabi/7.3.1/thumb/v7e-m/fpv4-sp/hard/crtbegin.o
 .ARM.attributes
                0x0000000000000056       0x39 Core/Src/fatfs_sd.o
 .ARM.attributes
                0x000000000000008f       0x39 Core/Src/gpio.o
 .ARM.attributes
                0x00000000000000c8       0x39 Core/Src/main.o
 .ARM.attributes
                0x0000000000000101       0x39 Core/Src/spi.o
 .ARM.attributes
                0x000000000000013a       0x39 Core/Src/stm32f4xx_hal_msp.o
 .ARM.attributes
                0x0000000000000173       0x39 Core/Src/stm32f4xx_it.o
 .ARM.attributes
                0x00000000000001ac       0x39 Core/Src/system_stm32f4xx.o
 .ARM.attributes
                0x00000000000001e5       0x21 Core/Startup/startup_stm32f401retx.o
 .ARM.attributes
                0x0000000000000206       0x39 Drivers/STM32F4xx_HAL_Driver/Src/stm32f4xx_hal.o
 .ARM.attributes
                0x000000000000023f       0x39 Drivers/STM32F4xx_HAL_Driver/Src/stm32f4xx_hal_cortex.o
 .ARM.attributes
                0x0000000000000278       0x39 Drivers/STM32F4xx_HAL_Driver/Src/stm32f4xx_hal_gpio.o
 .ARM.attributes
                0x00000000000002b1       0x39 Drivers/STM32F4xx_HAL_Driver/Src/stm32f4xx_hal_rcc.o
 .ARM.attributes
                0x00000000000002ea       0x39 Drivers/STM32F4xx_HAL_Driver/Src/stm32f4xx_hal_spi.o
 .ARM.attributes
                0x0000000000000323       0x39 FATFS/App/fatfs.o
 .ARM.attributes
                0x000000000000035c       0x39 FATFS/Target/user_diskio.o
 .ARM.attributes
                0x0000000000000395       0x39 Middlewares/Third_Party/FatFs/src/diskio.o
 .ARM.attributes
                0x00000000000003ce       0x39 Middlewares/Third_Party/FatFs/src/ff.o
 .ARM.attributes
                0x0000000000000407       0x39 Middlewares/Third_Party/FatFs/src/ff_gen_drv.o
 .ARM.attributes
                0x0000000000000440       0x39 Middlewares/Third_Party/FatFs/src/option/ccsbcs.o
 .ARM.attributes
                0x0000000000000479       0x34 c:/st/stm32cubeide_1.5.0/stm32cubeide/plugins/com.st.stm32cube.ide.mcu.externaltools.gnu-tools-for-stm32.7-2018-q2-update.win32_1.5.0.202011040924/tools/bin/../lib/gcc/arm-none-eabi/7.3.1/../../../../arm-none-eabi/lib/thumb/v7e-m/fpv4-sp/hard\libc_nano.a(lib_a-errno.o)
 .ARM.attributes
                0x00000000000004ad       0x34 c:/st/stm32cubeide_1.5.0/stm32cubeide/plugins/com.st.stm32cube.ide.mcu.externaltools.gnu-tools-for-stm32.7-2018-q2-update.win32_1.5.0.202011040924/tools/bin/../lib/gcc/arm-none-eabi/7.3.1/../../../../arm-none-eabi/lib/thumb/v7e-m/fpv4-sp/hard\libc_nano.a(lib_a-impure.o)
 .ARM.attributes
                0x00000000000004e1       0x34 c:/st/stm32cubeide_1.5.0/stm32cubeide/plugins/com.st.stm32cube.ide.mcu.externaltools.gnu-tools-for-stm32.7-2018-q2-update.win32_1.5.0.202011040924/tools/bin/../lib/gcc/arm-none-eabi/7.3.1/../../../../arm-none-eabi/lib/thumb/v7e-m/fpv4-sp/hard\libc_nano.a(lib_a-init.o)
 .ARM.attributes
                0x0000000000000515       0x34 c:/st/stm32cubeide_1.5.0/stm32cubeide/plugins/com.st.stm32cube.ide.mcu.externaltools.gnu-tools-for-stm32.7-2018-q2-update.win32_1.5.0.202011040924/tools/bin/../lib/gcc/arm-none-eabi/7.3.1/../../../../arm-none-eabi/lib/thumb/v7e-m/fpv4-sp/hard\libc_nano.a(lib_a-memset.o)
 .ARM.attributes
                0x0000000000000549       0x34 c:/st/stm32cubeide_1.5.0/stm32cubeide/plugins/com.st.stm32cube.ide.mcu.externaltools.gnu-tools-for-stm32.7-2018-q2-update.win32_1.5.0.202011040924/tools/bin/../lib/gcc/arm-none-eabi/7.3.1/../../../../arm-none-eabi/lib/thumb/v7e-m/fpv4-sp/hard\libc_nano.a(lib_a-strcpy.o)
 .ARM.attributes
                0x000000000000057d       0x1b c:/st/stm32cubeide_1.5.0/stm32cubeide/plugins/com.st.stm32cube.ide.mcu.externaltools.gnu-tools-for-stm32.7-2018-q2-update.win32_1.5.0.202011040924/tools/bin/../lib/gcc/arm-none-eabi/7.3.1/../../../../arm-none-eabi/lib/thumb/v7e-m/fpv4-sp/hard\libc_nano.a(lib_a-strlen.o)
 .ARM.attributes
                0x0000000000000598       0x34 c:/st/stm32cubeide_1.5.0/stm32cubeide/plugins/com.st.stm32cube.ide.mcu.externaltools.gnu-tools-for-stm32.7-2018-q2-update.win32_1.5.0.202011040924/tools/bin/../lib/gcc/arm-none-eabi/7.3.1/../../../../arm-none-eabi/lib/thumb/v7e-m/fpv4-sp/hard\libm.a(lib_a-w_pow.o)
 .ARM.attributes
                0x00000000000005cc       0x34 c:/st/stm32cubeide_1.5.0/stm32cubeide/plugins/com.st.stm32cube.ide.mcu.externaltools.gnu-tools-for-stm32.7-2018-q2-update.win32_1.5.0.202011040924/tools/bin/../lib/gcc/arm-none-eabi/7.3.1/../../../../arm-none-eabi/lib/thumb/v7e-m/fpv4-sp/hard\libm.a(lib_a-e_pow.o)
 .ARM.attributes
                0x0000000000000600       0x34 c:/st/stm32cubeide_1.5.0/stm32cubeide/plugins/com.st.stm32cube.ide.mcu.externaltools.gnu-tools-for-stm32.7-2018-q2-update.win32_1.5.0.202011040924/tools/bin/../lib/gcc/arm-none-eabi/7.3.1/../../../../arm-none-eabi/lib/thumb/v7e-m/fpv4-sp/hard\libm.a(lib_a-e_sqrt.o)
 .ARM.attributes
                0x0000000000000634       0x34 c:/st/stm32cubeide_1.5.0/stm32cubeide/plugins/com.st.stm32cube.ide.mcu.externaltools.gnu-tools-for-stm32.7-2018-q2-update.win32_1.5.0.202011040924/tools/bin/../lib/gcc/arm-none-eabi/7.3.1/../../../../arm-none-eabi/lib/thumb/v7e-m/fpv4-sp/hard\libm.a(lib_a-s_fabs.o)
 .ARM.attributes
                0x0000000000000668       0x34 c:/st/stm32cubeide_1.5.0/stm32cubeide/plugins/com.st.stm32cube.ide.mcu.externaltools.gnu-tools-for-stm32.7-2018-q2-update.win32_1.5.0.202011040924/tools/bin/../lib/gcc/arm-none-eabi/7.3.1/../../../../arm-none-eabi/lib/thumb/v7e-m/fpv4-sp/hard\libm.a(lib_a-s_finite.o)
 .ARM.attributes
                0x000000000000069c       0x34 c:/st/stm32cubeide_1.5.0/stm32cubeide/plugins/com.st.stm32cube.ide.mcu.externaltools.gnu-tools-for-stm32.7-2018-q2-update.win32_1.5.0.202011040924/tools/bin/../lib/gcc/arm-none-eabi/7.3.1/../../../../arm-none-eabi/lib/thumb/v7e-m/fpv4-sp/hard\libm.a(lib_a-s_lib_ver.o)
 .ARM.attributes
                0x00000000000006d0       0x34 c:/st/stm32cubeide_1.5.0/stm32cubeide/plugins/com.st.stm32cube.ide.mcu.externaltools.gnu-tools-for-stm32.7-2018-q2-update.win32_1.5.0.202011040924/tools/bin/../lib/gcc/arm-none-eabi/7.3.1/../../../../arm-none-eabi/lib/thumb/v7e-m/fpv4-sp/hard\libm.a(lib_a-s_matherr.o)
 .ARM.attributes
                0x0000000000000704       0x34 c:/st/stm32cubeide_1.5.0/stm32cubeide/plugins/com.st.stm32cube.ide.mcu.externaltools.gnu-tools-for-stm32.7-2018-q2-update.win32_1.5.0.202011040924/tools/bin/../lib/gcc/arm-none-eabi/7.3.1/../../../../arm-none-eabi/lib/thumb/v7e-m/fpv4-sp/hard\libm.a(lib_a-s_nan.o)
 .ARM.attributes
                0x0000000000000738       0x34 c:/st/stm32cubeide_1.5.0/stm32cubeide/plugins/com.st.stm32cube.ide.mcu.externaltools.gnu-tools-for-stm32.7-2018-q2-update.win32_1.5.0.202011040924/tools/bin/../lib/gcc/arm-none-eabi/7.3.1/../../../../arm-none-eabi/lib/thumb/v7e-m/fpv4-sp/hard\libm.a(lib_a-s_rint.o)
 .ARM.attributes
                0x000000000000076c       0x34 c:/st/stm32cubeide_1.5.0/stm32cubeide/plugins/com.st.stm32cube.ide.mcu.externaltools.gnu-tools-for-stm32.7-2018-q2-update.win32_1.5.0.202011040924/tools/bin/../lib/gcc/arm-none-eabi/7.3.1/../../../../arm-none-eabi/lib/thumb/v7e-m/fpv4-sp/hard\libm.a(lib_a-s_scalbn.o)
 .ARM.attributes
                0x00000000000007a0       0x34 c:/st/stm32cubeide_1.5.0/stm32cubeide/plugins/com.st.stm32cube.ide.mcu.externaltools.gnu-tools-for-stm32.7-2018-q2-update.win32_1.5.0.202011040924/tools/bin/../lib/gcc/arm-none-eabi/7.3.1/../../../../arm-none-eabi/lib/thumb/v7e-m/fpv4-sp/hard\libm.a(lib_a-s_copysign.o)
 .ARM.attributes
                0x00000000000007d4       0x22 c:/st/stm32cubeide_1.5.0/stm32cubeide/plugins/com.st.stm32cube.ide.mcu.externaltools.gnu-tools-for-stm32.7-2018-q2-update.win32_1.5.0.202011040924/tools/bin/../lib/gcc/arm-none-eabi/7.3.1/thumb/v7e-m/fpv4-sp/hard\libgcc.a(_arm_addsubdf3.o)
 .ARM.attributes
                0x00000000000007f6       0x22 c:/st/stm32cubeide_1.5.0/stm32cubeide/plugins/com.st.stm32cube.ide.mcu.externaltools.gnu-tools-for-stm32.7-2018-q2-update.win32_1.5.0.202011040924/tools/bin/../lib/gcc/arm-none-eabi/7.3.1/thumb/v7e-m/fpv4-sp/hard\libgcc.a(_arm_muldivdf3.o)
 .ARM.attributes
                0x0000000000000818       0x22 c:/st/stm32cubeide_1.5.0/stm32cubeide/plugins/com.st.stm32cube.ide.mcu.externaltools.gnu-tools-for-stm32.7-2018-q2-update.win32_1.5.0.202011040924/tools/bin/../lib/gcc/arm-none-eabi/7.3.1/thumb/v7e-m/fpv4-sp/hard\libgcc.a(_arm_cmpdf2.o)
 .ARM.attributes
                0x000000000000083a       0x22 c:/st/stm32cubeide_1.5.0/stm32cubeide/plugins/com.st.stm32cube.ide.mcu.externaltools.gnu-tools-for-stm32.7-2018-q2-update.win32_1.5.0.202011040924/tools/bin/../lib/gcc/arm-none-eabi/7.3.1/thumb/v7e-m/fpv4-sp/hard\libgcc.a(_arm_unorddf2.o)
 .ARM.attributes
                0x000000000000085c       0x22 c:/st/stm32cubeide_1.5.0/stm32cubeide/plugins/com.st.stm32cube.ide.mcu.externaltools.gnu-tools-for-stm32.7-2018-q2-update.win32_1.5.0.202011040924/tools/bin/../lib/gcc/arm-none-eabi/7.3.1/thumb/v7e-m/fpv4-sp/hard\libgcc.a(_arm_fixdfsi.o)
 .ARM.attributes
                0x000000000000087e       0x22 c:/st/stm32cubeide_1.5.0/stm32cubeide/plugins/com.st.stm32cube.ide.mcu.externaltools.gnu-tools-for-stm32.7-2018-q2-update.win32_1.5.0.202011040924/tools/bin/../lib/gcc/arm-none-eabi/7.3.1/thumb/v7e-m/fpv4-sp/hard\libgcc.a(_aeabi_uldivmod.o)
 .ARM.attributes
                0x00000000000008a0       0x34 c:/st/stm32cubeide_1.5.0/stm32cubeide/plugins/com.st.stm32cube.ide.mcu.externaltools.gnu-tools-for-stm32.7-2018-q2-update.win32_1.5.0.202011040924/tools/bin/../lib/gcc/arm-none-eabi/7.3.1/thumb/v7e-m/fpv4-sp/hard\libgcc.a(_udivmoddi4.o)
 .ARM.attributes
                0x00000000000008d4       0x22 c:/st/stm32cubeide_1.5.0/stm32cubeide/plugins/com.st.stm32cube.ide.mcu.externaltools.gnu-tools-for-stm32.7-2018-q2-update.win32_1.5.0.202011040924/tools/bin/../lib/gcc/arm-none-eabi/7.3.1/thumb/v7e-m/fpv4-sp/hard\libgcc.a(_dvmd_tls.o)
 .ARM.attributes
                0x00000000000008f6       0x22 c:/st/stm32cubeide_1.5.0/stm32cubeide/plugins/com.st.stm32cube.ide.mcu.externaltools.gnu-tools-for-stm32.7-2018-q2-update.win32_1.5.0.202011040924/tools/bin/../lib/gcc/arm-none-eabi/7.3.1/thumb/v7e-m/fpv4-sp/hard/crtn.o
OUTPUT(ledmatrix.elf elf32-littlearm)

.comment        0x0000000000000000       0x7b
 .comment       0x0000000000000000       0x7b Core/Src/fatfs_sd.o
                                         0x7c (size before relaxing)
 .comment       0x000000000000007b       0x7c Core/Src/gpio.o
 .comment       0x000000000000007b       0x7c Core/Src/main.o
 .comment       0x000000000000007b       0x7c Core/Src/spi.o
 .comment       0x000000000000007b       0x7c Core/Src/stm32f4xx_hal_msp.o
 .comment       0x000000000000007b       0x7c Core/Src/stm32f4xx_it.o
 .comment       0x000000000000007b       0x7c Core/Src/system_stm32f4xx.o
 .comment       0x000000000000007b       0x7c Drivers/STM32F4xx_HAL_Driver/Src/stm32f4xx_hal.o
 .comment       0x000000000000007b       0x7c Drivers/STM32F4xx_HAL_Driver/Src/stm32f4xx_hal_cortex.o
 .comment       0x000000000000007b       0x7c Drivers/STM32F4xx_HAL_Driver/Src/stm32f4xx_hal_gpio.o
 .comment       0x000000000000007b       0x7c Drivers/STM32F4xx_HAL_Driver/Src/stm32f4xx_hal_rcc.o
 .comment       0x000000000000007b       0x7c Drivers/STM32F4xx_HAL_Driver/Src/stm32f4xx_hal_spi.o
 .comment       0x000000000000007b       0x7c FATFS/App/fatfs.o
 .comment       0x000000000000007b       0x7c FATFS/Target/user_diskio.o
 .comment       0x000000000000007b       0x7c Middlewares/Third_Party/FatFs/src/diskio.o
 .comment       0x000000000000007b       0x7c Middlewares/Third_Party/FatFs/src/ff.o
 .comment       0x000000000000007b       0x7c Middlewares/Third_Party/FatFs/src/ff_gen_drv.o
 .comment       0x000000000000007b       0x7c Middlewares/Third_Party/FatFs/src/option/ccsbcs.o

.debug_frame    0x0000000000000000      0x4e0
 .debug_frame   0x0000000000000000       0x20 c:/st/stm32cubeide_1.5.0/stm32cubeide/plugins/com.st.stm32cube.ide.mcu.externaltools.gnu-tools-for-stm32.7-2018-q2-update.win32_1.5.0.202011040924/tools/bin/../lib/gcc/arm-none-eabi/7.3.1/../../../../arm-none-eabi/lib/thumb/v7e-m/fpv4-sp/hard\libc_nano.a(lib_a-errno.o)
 .debug_frame   0x0000000000000020       0x2c c:/st/stm32cubeide_1.5.0/stm32cubeide/plugins/com.st.stm32cube.ide.mcu.externaltools.gnu-tools-for-stm32.7-2018-q2-update.win32_1.5.0.202011040924/tools/bin/../lib/gcc/arm-none-eabi/7.3.1/../../../../arm-none-eabi/lib/thumb/v7e-m/fpv4-sp/hard\libc_nano.a(lib_a-init.o)
 .debug_frame   0x000000000000004c       0x20 c:/st/stm32cubeide_1.5.0/stm32cubeide/plugins/com.st.stm32cube.ide.mcu.externaltools.gnu-tools-for-stm32.7-2018-q2-update.win32_1.5.0.202011040924/tools/bin/../lib/gcc/arm-none-eabi/7.3.1/../../../../arm-none-eabi/lib/thumb/v7e-m/fpv4-sp/hard\libc_nano.a(lib_a-memset.o)
 .debug_frame   0x000000000000006c       0x20 c:/st/stm32cubeide_1.5.0/stm32cubeide/plugins/com.st.stm32cube.ide.mcu.externaltools.gnu-tools-for-stm32.7-2018-q2-update.win32_1.5.0.202011040924/tools/bin/../lib/gcc/arm-none-eabi/7.3.1/../../../../arm-none-eabi/lib/thumb/v7e-m/fpv4-sp/hard\libc_nano.a(lib_a-strcpy.o)
 .debug_frame   0x000000000000008c       0x5c c:/st/stm32cubeide_1.5.0/stm32cubeide/plugins/com.st.stm32cube.ide.mcu.externaltools.gnu-tools-for-stm32.7-2018-q2-update.win32_1.5.0.202011040924/tools/bin/../lib/gcc/arm-none-eabi/7.3.1/../../../../arm-none-eabi/lib/thumb/v7e-m/fpv4-sp/hard\libm.a(lib_a-w_pow.o)
 .debug_frame   0x00000000000000e8       0x64 c:/st/stm32cubeide_1.5.0/stm32cubeide/plugins/com.st.stm32cube.ide.mcu.externaltools.gnu-tools-for-stm32.7-2018-q2-update.win32_1.5.0.202011040924/tools/bin/../lib/gcc/arm-none-eabi/7.3.1/../../../../arm-none-eabi/lib/thumb/v7e-m/fpv4-sp/hard\libm.a(lib_a-e_pow.o)
 .debug_frame   0x000000000000014c       0x30 c:/st/stm32cubeide_1.5.0/stm32cubeide/plugins/com.st.stm32cube.ide.mcu.externaltools.gnu-tools-for-stm32.7-2018-q2-update.win32_1.5.0.202011040924/tools/bin/../lib/gcc/arm-none-eabi/7.3.1/../../../../arm-none-eabi/lib/thumb/v7e-m/fpv4-sp/hard\libm.a(lib_a-e_sqrt.o)
 .debug_frame   0x000000000000017c       0x20 c:/st/stm32cubeide_1.5.0/stm32cubeide/plugins/com.st.stm32cube.ide.mcu.externaltools.gnu-tools-for-stm32.7-2018-q2-update.win32_1.5.0.202011040924/tools/bin/../lib/gcc/arm-none-eabi/7.3.1/../../../../arm-none-eabi/lib/thumb/v7e-m/fpv4-sp/hard\libm.a(lib_a-s_fabs.o)
 .debug_frame   0x000000000000019c       0x20 c:/st/stm32cubeide_1.5.0/stm32cubeide/plugins/com.st.stm32cube.ide.mcu.externaltools.gnu-tools-for-stm32.7-2018-q2-update.win32_1.5.0.202011040924/tools/bin/../lib/gcc/arm-none-eabi/7.3.1/../../../../arm-none-eabi/lib/thumb/v7e-m/fpv4-sp/hard\libm.a(lib_a-s_finite.o)
 .debug_frame   0x00000000000001bc       0x20 c:/st/stm32cubeide_1.5.0/stm32cubeide/plugins/com.st.stm32cube.ide.mcu.externaltools.gnu-tools-for-stm32.7-2018-q2-update.win32_1.5.0.202011040924/tools/bin/../lib/gcc/arm-none-eabi/7.3.1/../../../../arm-none-eabi/lib/thumb/v7e-m/fpv4-sp/hard\libm.a(lib_a-s_matherr.o)
 .debug_frame   0x00000000000001dc       0x20 c:/st/stm32cubeide_1.5.0/stm32cubeide/plugins/com.st.stm32cube.ide.mcu.externaltools.gnu-tools-for-stm32.7-2018-q2-update.win32_1.5.0.202011040924/tools/bin/../lib/gcc/arm-none-eabi/7.3.1/../../../../arm-none-eabi/lib/thumb/v7e-m/fpv4-sp/hard\libm.a(lib_a-s_nan.o)
 .debug_frame   0x00000000000001fc       0x34 c:/st/stm32cubeide_1.5.0/stm32cubeide/plugins/com.st.stm32cube.ide.mcu.externaltools.gnu-tools-for-stm32.7-2018-q2-update.win32_1.5.0.202011040924/tools/bin/../lib/gcc/arm-none-eabi/7.3.1/../../../../arm-none-eabi/lib/thumb/v7e-m/fpv4-sp/hard\libm.a(lib_a-s_rint.o)
 .debug_frame   0x0000000000000230       0x2c c:/st/stm32cubeide_1.5.0/stm32cubeide/plugins/com.st.stm32cube.ide.mcu.externaltools.gnu-tools-for-stm32.7-2018-q2-update.win32_1.5.0.202011040924/tools/bin/../lib/gcc/arm-none-eabi/7.3.1/../../../../arm-none-eabi/lib/thumb/v7e-m/fpv4-sp/hard\libm.a(lib_a-s_scalbn.o)
 .debug_frame   0x000000000000025c       0x20 c:/st/stm32cubeide_1.5.0/stm32cubeide/plugins/com.st.stm32cube.ide.mcu.externaltools.gnu-tools-for-stm32.7-2018-q2-update.win32_1.5.0.202011040924/tools/bin/../lib/gcc/arm-none-eabi/7.3.1/../../../../arm-none-eabi/lib/thumb/v7e-m/fpv4-sp/hard\libm.a(lib_a-s_copysign.o)
 .debug_frame   0x000000000000027c       0xac c:/st/stm32cubeide_1.5.0/stm32cubeide/plugins/com.st.stm32cube.ide.mcu.externaltools.gnu-tools-for-stm32.7-2018-q2-update.win32_1.5.0.202011040924/tools/bin/../lib/gcc/arm-none-eabi/7.3.1/thumb/v7e-m/fpv4-sp/hard\libgcc.a(_arm_addsubdf3.o)
 .debug_frame   0x0000000000000328       0x50 c:/st/stm32cubeide_1.5.0/stm32cubeide/plugins/com.st.stm32cube.ide.mcu.externaltools.gnu-tools-for-stm32.7-2018-q2-update.win32_1.5.0.202011040924/tools/bin/../lib/gcc/arm-none-eabi/7.3.1/thumb/v7e-m/fpv4-sp/hard\libgcc.a(_arm_muldivdf3.o)
 .debug_frame   0x0000000000000378       0xc4 c:/st/stm32cubeide_1.5.0/stm32cubeide/plugins/com.st.stm32cube.ide.mcu.externaltools.gnu-tools-for-stm32.7-2018-q2-update.win32_1.5.0.202011040924/tools/bin/../lib/gcc/arm-none-eabi/7.3.1/thumb/v7e-m/fpv4-sp/hard\libgcc.a(_arm_cmpdf2.o)
 .debug_frame   0x000000000000043c       0x20 c:/st/stm32cubeide_1.5.0/stm32cubeide/plugins/com.st.stm32cube.ide.mcu.externaltools.gnu-tools-for-stm32.7-2018-q2-update.win32_1.5.0.202011040924/tools/bin/../lib/gcc/arm-none-eabi/7.3.1/thumb/v7e-m/fpv4-sp/hard\libgcc.a(_arm_unorddf2.o)
 .debug_frame   0x000000000000045c       0x24 c:/st/stm32cubeide_1.5.0/stm32cubeide/plugins/com.st.stm32cube.ide.mcu.externaltools.gnu-tools-for-stm32.7-2018-q2-update.win32_1.5.0.202011040924/tools/bin/../lib/gcc/arm-none-eabi/7.3.1/thumb/v7e-m/fpv4-sp/hard\libgcc.a(_arm_fixdfsi.o)
 .debug_frame   0x0000000000000480       0x2c c:/st/stm32cubeide_1.5.0/stm32cubeide/plugins/com.st.stm32cube.ide.mcu.externaltools.gnu-tools-for-stm32.7-2018-q2-update.win32_1.5.0.202011040924/tools/bin/../lib/gcc/arm-none-eabi/7.3.1/thumb/v7e-m/fpv4-sp/hard\libgcc.a(_aeabi_uldivmod.o)
 .debug_frame   0x00000000000004ac       0x34 c:/st/stm32cubeide_1.5.0/stm32cubeide/plugins/com.st.stm32cube.ide.mcu.externaltools.gnu-tools-for-stm32.7-2018-q2-update.win32_1.5.0.202011040924/tools/bin/../lib/gcc/arm-none-eabi/7.3.1/thumb/v7e-m/fpv4-sp/hard\libgcc.a(_udivmoddi4.o)
